// Jest Snapshot v1, https://goo.gl/fbAQLP

exports[`Button should being rendered normally 1`] = `
<button
  className="button"
/>
`;
